127.0.0.1 - - [04/Dec/2019:10:32:46 +0530] "GET / HTTP/1.1" 404 1074
0:0:0:0:0:0:0:1 - - [04/Dec/2019:10:36:22 +0530] "POST /springrest/add HTTP/1.1" 400 1127
0:0:0:0:0:0:0:1 - - [04/Dec/2019:10:36:29 +0530] "POST /springrest/add HTTP/1.1" 200 90
0:0:0:0:0:0:0:1 - - [04/Dec/2019:10:37:30 +0530] "POST /springrest/add HTTP/1.1" 200 86
127.0.0.1 - - [04/Dec/2019:10:40:14 +0530] "GET / HTTP/1.1" 404 1074
127.0.0.1 - - [04/Dec/2019:10:40:46 +0530] "GET / HTTP/1.1" 404 1074
0:0:0:0:0:0:0:1 - - [04/Dec/2019:10:41:29 +0530] "POST /springrest/add HTTP/1.1" 200 90
0:0:0:0:0:0:0:1 - - [04/Dec/2019:10:41:31 +0530] "PUT /springrest/add HTTP/1.1" 405 1114
0:0:0:0:0:0:0:1 - - [04/Dec/2019:10:41:38 +0530] "PUT /springrest/add HTTP/1.1" 405 1114
0:0:0:0:0:0:0:1 - - [04/Dec/2019:10:41:50 +0530] "PUT /springrest/add HTTP/1.1" 405 1114
0:0:0:0:0:0:0:1 - - [04/Dec/2019:10:42:10 +0530] "PUT /springrest/modify HTTP/1.1" 200 99
0:0:0:0:0:0:0:1 - - [04/Dec/2019:10:42:27 +0530] "PUT /springrest/modify HTTP/1.1" 200 99
0:0:0:0:0:0:0:1 - - [04/Dec/2019:10:43:53 +0530] "PUT /springrest/modify HTTP/1.1" 200 89
0:0:0:0:0:0:0:1 - - [04/Dec/2019:10:44:18 +0530] "DELETE /springrest/delete HTTP/1.1" 404 1047
127.0.0.1 - - [04/Dec/2019:10:45:00 +0530] "GET / HTTP/1.1" 404 1074
0:0:0:0:0:0:0:1 - - [04/Dec/2019:10:45:51 +0530] "DELETE /springrest/delete HTTP/1.1" 404 1047
127.0.0.1 - - [04/Dec/2019:11:00:33 +0530] "GET / HTTP/1.1" 404 1074
0:0:0:0:0:0:0:1 - - [04/Dec/2019:11:01:16 +0530] "GET /springrest/get?id=1 HTTP/1.1" 200 184
0:0:0:0:0:0:0:1 - - [04/Dec/2019:11:01:39 +0530] "GET /springrest/get-all HTTP/1.1" 500 12827
127.0.0.1 - - [04/Dec/2019:11:09:20 +0530] "GET / HTTP/1.1" 404 1074
0:0:0:0:0:0:0:1 - - [04/Dec/2019:11:09:57 +0530] "GET /springrest/get-all HTTP/1.1" 500 12827
0:0:0:0:0:0:0:1 - - [04/Dec/2019:11:10:22 +0530] "GET /springrest/get-all HTTP/1.1" 500 12827
127.0.0.1 - - [04/Dec/2019:11:28:26 +0530] "GET / HTTP/1.1" 404 1074
0:0:0:0:0:0:0:1 - - [04/Dec/2019:11:29:08 +0530] "GET /springrest/exce HTTP/1.1" 500 3716
127.0.0.1 - - [04/Dec/2019:11:30:02 +0530] "GET / HTTP/1.1" 404 1074
127.0.0.1 - - [04/Dec/2019:11:30:33 +0530] "GET / HTTP/1.1" 404 1074
127.0.0.1 - - [04/Dec/2019:11:31:05 +0530] "GET / HTTP/1.1" 404 1074
127.0.0.1 - - [04/Dec/2019:11:31:37 +0530] "GET / HTTP/1.1" 404 1074
0:0:0:0:0:0:0:1 - - [04/Dec/2019:11:31:58 +0530] "GET /springrest/exce HTTP/1.1" 200 108
127.0.0.1 - - [04/Dec/2019:11:32:48 +0530] "GET / HTTP/1.1" 404 1074
127.0.0.1 - - [04/Dec/2019:11:33:38 +0530] "GET / HTTP/1.1" 404 1074
0:0:0:0:0:0:0:1 - - [04/Dec/2019:11:34:07 +0530] "DELETE /springrest/delete?id=1 HTTP/1.1" 404 1047
127.0.0.1 - - [04/Dec/2019:11:35:18 +0530] "GET / HTTP/1.1" 404 1074
0:0:0:0:0:0:0:1 - - [04/Dec/2019:11:35:37 +0530] "DELETE /springrest/delete/id=1 HTTP/1.1" 200 108
127.0.0.1 - - [04/Dec/2019:11:37:10 +0530] "GET / HTTP/1.1" 404 1074
0:0:0:0:0:0:0:1 - - [04/Dec/2019:11:37:27 +0530] "DELETE /springrest/delete/1 HTTP/1.1" 200 108
0:0:0:0:0:0:0:1 - - [04/Dec/2019:11:38:02 +0530] "DELETE /springrest/delete/2 HTTP/1.1" 200 108
127.0.0.1 - - [04/Dec/2019:11:40:35 +0530] "GET / HTTP/1.1" 404 1074
0:0:0:0:0:0:0:1 - - [04/Dec/2019:11:41:39 +0530] "GET /springrest/get-all HTTP/1.1" 200 108
0:0:0:0:0:0:0:1 - - [04/Dec/2019:11:41:55 +0530] "GET /springrest/id=1 HTTP/1.1" 404 1047
127.0.0.1 - - [04/Dec/2019:11:42:13 +0530] "GET / HTTP/1.1" 404 1074
0:0:0:0:0:0:0:1 - - [04/Dec/2019:11:42:27 +0530] "DELETE /springrest/id=1 HTTP/1.1" 404 1047
127.0.0.1 - - [04/Dec/2019:11:43:04 +0530] "GET / HTTP/1.1" 404 1074
0:0:0:0:0:0:0:1 - - [04/Dec/2019:11:43:43 +0530] "DELETE /springrest/id=1 HTTP/1.1" 404 1047
0:0:0:0:0:0:0:1 - - [04/Dec/2019:11:43:57 +0530] "DELETE /springrest/delete/id=1 HTTP/1.1" 200 108
127.0.0.1 - - [04/Dec/2019:11:44:22 +0530] "GET / HTTP/1.1" 404 1074
0:0:0:0:0:0:0:1 - - [04/Dec/2019:11:44:58 +0530] "DELETE /springrest/delete/id=1 HTTP/1.1" 200 108
127.0.0.1 - - [04/Dec/2019:11:46:02 +0530] "GET / HTTP/1.1" 404 1074
0:0:0:0:0:0:0:1 - - [04/Dec/2019:11:46:21 +0530] "DELETE /springrest/delete/id=1 HTTP/1.1" 200 108
127.0.0.1 - - [04/Dec/2019:11:49:29 +0530] "GET / HTTP/1.1" 404 1074
0:0:0:0:0:0:0:1 - - [04/Dec/2019:11:50:39 +0530] "GET /springrest/get?id=1 HTTP/1.1" 200 184
127.0.0.1 - - [04/Dec/2019:11:51:22 +0530] "GET / HTTP/1.1" 404 1074
0:0:0:0:0:0:0:1 - - [04/Dec/2019:11:51:39 +0530] "GET /springrest/get-all HTTP/1.1" 200 108
127.0.0.1 - - [04/Dec/2019:11:53:16 +0530] "GET / HTTP/1.1" 404 1074
0:0:0:0:0:0:0:1 - - [04/Dec/2019:11:53:32 +0530] "GET /springrest/delete/1 HTTP/1.1" 200 108
127.0.0.1 - - [04/Dec/2019:11:56:17 +0530] "GET / HTTP/1.1" 404 1074
0:0:0:0:0:0:0:1 - - [04/Dec/2019:11:56:31 +0530] "GET /springrest/delete/1 HTTP/1.1" 200 108
0:0:0:0:0:0:0:1 - - [04/Dec/2019:11:56:35 +0530] "DELETE /springrest/delete/1 HTTP/1.1" 200 108
0:0:0:0:0:0:0:1 - - [04/Dec/2019:11:56:51 +0530] "GET /springrest/get-all HTTP/1.1" 200 108
127.0.0.1 - - [04/Dec/2019:11:57:10 +0530] "GET / HTTP/1.1" 404 1074
0:0:0:0:0:0:0:1 - - [04/Dec/2019:11:57:32 +0530] "GET /springrest/get-all HTTP/1.1" 200 108
127.0.0.1 - - [04/Dec/2019:11:59:49 +0530] "GET / HTTP/1.1" 404 1074
0:0:0:0:0:0:0:1 - - [04/Dec/2019:12:01:00 +0530] "GET /springrest/get-all HTTP/1.1" 200 108
0:0:0:0:0:0:0:1 - - [04/Dec/2019:12:01:42 +0530] "GET /springrest/get-all HTTP/1.1" 200 108
127.0.0.1 - - [04/Dec/2019:18:50:07 +0530] "GET / HTTP/1.1" 404 1074
0:0:0:0:0:0:0:1 - - [04/Dec/2019:18:50:28 +0530] "GET /springrest/get-all HTTP/1.1" 200 108
127.0.0.1 - - [04/Dec/2019:18:51:04 +0530] "GET / HTTP/1.1" 404 1074
0:0:0:0:0:0:0:1 - - [04/Dec/2019:18:51:32 +0530] "GET /springrest/get-all HTTP/1.1" 200 108
127.0.0.1 - - [04/Dec/2019:18:53:05 +0530] "GET / HTTP/1.1" 404 1074
